GDTEST_ANALYZER_ERROR
>> ERROR at line 8: "TraitA" trait extending "Node" does not match class inheritance.
>> ERROR at line 13: "ClassA" is not a trait.
